   Γû▓ Next.js 15.3.6

   Creating an optimized production build ...
 Γ£ô Compiled successfully in 7.0s
   Linting and checking validity of types ...
node.exe : 
At C:\Program 
Files\nodejs\npx.ps1:29 
char:3
+   & $NODE_EXE 
$NPX_CLI_JS $args
+   ~~~~~~~~~~~~~~~~~~~~~
~~~~~~~~
    + CategoryInfo       
       : NotSpeci    
fied: (:String) [    ], 
RemoteExceptio    n
    + FullyQualifiedE    
rrorId : NativeCo    
mmandError
 
Failed to compile.

./app/about/page.tsx
3:10  Warning: 
'useState' is defined 
but never used.  @typescr
ipt-eslint/no-unused-vars
3:20  Warning: 
'useEffect' is defined 
but never used.  @typescr
ipt-eslint/no-unused-vars
4:38  Warning: 
'Database' is defined 
but never used.  @typescr
ipt-eslint/no-unused-vars
4:48  Warning: 
'Terminal' is defined 
but never used.  @typescr
ipt-eslint/no-unused-vars
4:58  Warning: 'Shield' 
is defined but never 
used.  @typescript-eslint
/no-unused-vars
4:66  Warning: 'Cpu' is 
defined but never used.  
@typescript-eslint/no-unu
sed-vars
4:71  Warning: 'Globe' 
is defined but never 
used.  @typescript-eslint
/no-unused-vars
4:95  Warning: 'Search' 
is defined but never 
used.  @typescript-eslint
/no-unused-vars
4:103  Warning: 
'Settings' is defined 
but never used.  @typescr
ipt-eslint/no-unused-vars
4:113  Warning: 
'Command' is defined but 
never used.  @typescript-
eslint/no-unused-vars
10:77  Warning: 
Unexpected any. Specify 
a different type.  @types
cript-eslint/no-explicit-
any

./app/contact/page.tsx
138:59  Error: Comments 
inside children section 
of tag should be placed 
inside braces  react/jsx-
no-comment-textnodes

./app/page.tsx
82:17  Warning: Using 
`<img>` could result in 
slower LCP and higher 
bandwidth. Consider 
using `<Image />` from 
`next/image` or a custom 
image loader to 
automatically optimize 
images. This may incur 
additional usage or cost 
from your provider. See: 
https://nextjs.org/docs/m
essages/no-img-element  
@next/next/no-img-element

./app/project/page.tsx
82:10  Warning: 
'mounted' is assigned a 
value but never used.  @t
ypescript-eslint/no-unuse
d-vars

./app/skill/page.tsx
58:58  Warning: 
Unexpected any. Specify 
a different type.  @types
cript-eslint/no-explicit-
any
124:10  Warning: 
'mounted' is assigned a 
value but never used.  @t
ypescript-eslint/no-unuse
d-vars

./components/BlogSection.
tsx
81:6  Warning: React 
Hook useEffect has 
missing dependencies: 
'animate' and 
'progress'. Either 
include them or remove 
the dependency array.  re
act-hooks/exhaustive-deps
167:23  Warning: Using 
`<img>` could result in 
slower LCP and higher 
bandwidth. Consider 
using `<Image />` from 
`next/image` or a custom 
image loader to 
automatically optimize 
images. This may incur 
additional usage or cost 
from your provider. See: 
https://nextjs.org/docs/m
essages/no-img-element  
@next/next/no-img-element
260:15  Warning: Using 
`<img>` could result in 
slower LCP and higher 
bandwidth. Consider 
using `<Image />` from 
`next/image` or a custom 
image loader to 
automatically optimize 
images. This may incur 
additional usage or cost 
from your provider. See: 
https://nextjs.org/docs/m
essages/no-img-element  
@next/next/no-img-element

./components/FAQ.tsx
43:13  Warning: Using 
`<img>` could result in 
slower LCP and higher 
bandwidth. Consider 
using `<Image />` from 
`next/image` or a custom 
image loader to 
automatically optimize 
images. This may incur 
additional usage or cost 
from your provider. See: 
https://nextjs.org/docs/m
essages/no-img-element  
@next/next/no-img-element
53:13  Warning: Using 
`<img>` could result in 
slower LCP and higher 
bandwidth. Consider 
using `<Image />` from 
`next/image` or a custom 
image loader to 
automatically optimize 
images. This may incur 
additional usage or cost 
from your provider. See: 
https://nextjs.org/docs/m
essages/no-img-element  
@next/next/no-img-element

./components/Hero2.tsx
4:10  Warning: 'cn' is 
defined but never used.  
@typescript-eslint/no-unu
sed-vars
64:15  Warning: Using 
`<img>` could result in 
slower LCP and higher 
bandwidth. Consider 
using `<Image />` from 
`next/image` or a custom 
image loader to 
automatically optimize 
images. This may incur 
additional usage or cost 
from your provider. See: 
https://nextjs.org/docs/m
essages/no-img-element  
@next/next/no-img-element
78:15  Warning: Using 
`<img>` could result in 
slower LCP and higher 
bandwidth. Consider 
using `<Image />` from 
`next/image` or a custom 
image loader to 
automatically optimize 
images. This may incur 
additional usage or cost 
from your provider. See: 
https://nextjs.org/docs/m
essages/no-img-element  
@next/next/no-img-element
92:15  Warning: Using 
`<img>` could result in 
slower LCP and higher 
bandwidth. Consider 
using `<Image />` from 
`next/image` or a custom 
image loader to 
automatically optimize 
images. This may incur 
additional usage or cost 
from your provider. See: 
https://nextjs.org/docs/m
essages/no-img-element  
@next/next/no-img-element
233:17  Warning: Using 
`<img>` could result in 
slower LCP and higher 
bandwidth. Consider 
using `<Image />` from 
`next/image` or a custom 
image loader to 
automatically optimize 
images. This may incur 
additional usage or cost 
from your provider. See: 
https://nextjs.org/docs/m
essages/no-img-element  
@next/next/no-img-element
234:17  Warning: Using 
`<img>` could result in 
slower LCP and higher 
bandwidth. Consider 
using `<Image />` from 
`next/image` or a custom 
image loader to 
automatically optimize 
images. This may incur 
additional usage or cost 
from your provider. See: 
https://nextjs.org/docs/m
essages/no-img-element  
@next/next/no-img-element
235:17  Warning: Using 
`<img>` could result in 
slower LCP and higher 
bandwidth. Consider 
using `<Image />` from 
`next/image` or a custom 
image loader to 
automatically optimize 
images. This may incur 
additional usage or cost 
from your provider. See: 
https://nextjs.org/docs/m
essages/no-img-element  
@next/next/no-img-element
236:17  Warning: Using 
`<img>` could result in 
slower LCP and higher 
bandwidth. Consider 
using `<Image />` from 
`next/image` or a custom 
image loader to 
automatically optimize 
images. This may incur 
additional usage or cost 
from your provider. See: 
https://nextjs.org/docs/m
essages/no-img-element  
@next/next/no-img-element
237:17  Warning: Using 
`<img>` could result in 
slower LCP and higher 
bandwidth. Consider 
using `<Image />` from 
`next/image` or a custom 
image loader to 
automatically optimize 
images. This may incur 
additional usage or cost 
from your provider. See: 
https://nextjs.org/docs/m
essages/no-img-element  
@next/next/no-img-element
238:17  Warning: Using 
`<img>` could result in 
slower LCP and higher 
bandwidth. Consider 
using `<Image />` from 
`next/image` or a custom 
image loader to 
automatically optimize 
images. This may incur 
additional usage or cost 
from your provider. See: 
https://nextjs.org/docs/m
essages/no-img-element  
@next/next/no-img-element
239:17  Warning: Using 
`<img>` could result in 
slower LCP and higher 
bandwidth. Consider 
using `<Image />` from 
`next/image` or a custom 
image loader to 
automatically optimize 
images. This may incur 
additional usage or cost 
from your provider. See: 
https://nextjs.org/docs/m
essages/no-img-element  
@next/next/no-img-element
240:17  Warning: Using 
`<img>` could result in 
slower LCP and higher 
bandwidth. Consider 
using `<Image />` from 
`next/image` or a custom 
image loader to 
automatically optimize 
images. This may incur 
additional usage or cost 
from your provider. See: 
https://nextjs.org/docs/m
essages/no-img-element  
@next/next/no-img-element
241:17  Warning: Using 
`<img>` could result in 
slower LCP and higher 
bandwidth. Consider 
using `<Image />` from 
`next/image` or a custom 
image loader to 
automatically optimize 
images. This may incur 
additional usage or cost 
from your provider. See: 
https://nextjs.org/docs/m
essages/no-img-element  
@next/next/no-img-element
242:17  Warning: Using 
`<img>` could result in 
slower LCP and higher 
bandwidth. Consider 
using `<Image />` from 
`next/image` or a custom 
image loader to 
automatically optimize 
images. This may incur 
additional usage or cost 
from your provider. See: 
https://nextjs.org/docs/m
essages/no-img-element  
@next/next/no-img-element
245:17  Warning: Using 
`<img>` could result in 
slower LCP and higher 
bandwidth. Consider 
using `<Image />` from 
`next/image` or a custom 
image loader to 
automatically optimize 
images. This may incur 
additional usage or cost 
from your provider. See: 
https://nextjs.org/docs/m
essages/no-img-element  
@next/next/no-img-element
246:17  Warning: Using 
`<img>` could result in 
slower LCP and higher 
bandwidth. Consider 
using `<Image />` from 
`next/image` or a custom 
image loader to 
automatically optimize 
images. This may incur 
additional usage or cost 
from your provider. See: 
https://nextjs.org/docs/m
essages/no-img-element  
@next/next/no-img-element
247:17  Warning: Using 
`<img>` could result in 
slower LCP and higher 
bandwidth. Consider 
using `<Image />` from 
`next/image` or a custom 
image loader to 
automatically optimize 
images. This may incur 
additional usage or cost 
from your provider. See: 
https://nextjs.org/docs/m
essages/no-img-element  
@next/next/no-img-element
248:17  Warning: Using 
`<img>` could result in 
slower LCP and higher 
bandwidth. Consider 
using `<Image />` from 
`next/image` or a custom 
image loader to 
automatically optimize 
images. This may incur 
additional usage or cost 
from your provider. See: 
https://nextjs.org/docs/m
essages/no-img-element  
@next/next/no-img-element
249:17  Warning: Using 
`<img>` could result in 
slower LCP and higher 
bandwidth. Consider 
using `<Image />` from 
`next/image` or a custom 
image loader to 
automatically optimize 
images. This may incur 
additional usage or cost 
from your provider. See: 
https://nextjs.org/docs/m
essages/no-img-element  
@next/next/no-img-element
250:17  Warning: Using 
`<img>` could result in 
slower LCP and higher 
bandwidth. Consider 
using `<Image />` from 
`next/image` or a custom 
image loader to 
automatically optimize 
images. This may incur 
additional usage or cost 
from your provider. See: 
https://nextjs.org/docs/m
essages/no-img-element  
@next/next/no-img-element
251:17  Warning: Using 
`<img>` could result in 
slower LCP and higher 
bandwidth. Consider 
using `<Image />` from 
`next/image` or a custom 
image loader to 
automatically optimize 
images. This may incur 
additional usage or cost 
from your provider. See: 
https://nextjs.org/docs/m
essages/no-img-element  
@next/next/no-img-element
252:17  Warning: Using 
`<img>` could result in 
slower LCP and higher 
bandwidth. Consider 
using `<Image />` from 
`next/image` or a custom 
image loader to 
automatically optimize 
images. This may incur 
additional usage or cost 
from your provider. See: 
https://nextjs.org/docs/m
essages/no-img-element  
@next/next/no-img-element
253:17  Warning: Using 
`<img>` could result in 
slower LCP and higher 
bandwidth. Consider 
using `<Image />` from 
`next/image` or a custom 
image loader to 
automatically optimize 
images. This may incur 
additional usage or cost 
from your provider. See: 
https://nextjs.org/docs/m
essages/no-img-element  
@next/next/no-img-element
254:17  Warning: Using 
`<img>` could result in 
slower LCP and higher 
bandwidth. Consider 
using `<Image />` from 
`next/image` or a custom 
image loader to 
automatically optimize 
images. This may incur 
additional usage or cost 
from your provider. See: 
https://nextjs.org/docs/m
essages/no-img-element  
@next/next/no-img-element

./components/Testimonials
.tsx
116:13  Warning: Using 
`<img>` could result in 
slower LCP and higher 
bandwidth. Consider 
using `<Image />` from 
`next/image` or a custom 
image loader to 
automatically optimize 
images. This may incur 
additional usage or cost 
from your provider. See: 
https://nextjs.org/docs/m
essages/no-img-element  
@next/next/no-img-element

info  - Need to disable 
some ESLint rules? Learn 
more here: https://nextjs
.org/docs/app/api-referen
ce/config/eslint#disablin
g-rules
